// Jest Snapshot v1, https://goo.gl/fbAQLP

exports[`AddRecipe renders correctly 1`] = `
<DocumentFragment>
  <div
    class="add-recipe"
  >
    <form>
      <div>
        <label
          for="title"
        >
          Title:
          <input
            id="title"
            maxlength="32"
            name="title"
            required=""
            type="text"
            value=""
          />
        </label>
      </div>
      <div>
        <label
          for="cuisine"
        >
          Cuisine:
          <select
            id="cuisine"
            name="cuisine"
            required=""
          >
            <option
              disabled=""
              value=""
            >
              --Select a cuisine--
            </option>
            <option
              value="Italian"
            >
              Italian
            </option>
            <option
              value="Chinese"
            >
              Chinese
            </option>
            <option
              value="Japanese"
            >
              Japanese
            </option>
            <option
              value="Indian"
            >
              Indian
            </option>
            <option
              value="Mexican"
            >
              Mexican
            </option>
            <option
              value="French"
            >
              French
            </option>
            <option
              value="Thai"
            >
              Thai
            </option>
            <option
              value="Spanish"
            >
              Spanish
            </option>
            <option
              value="Middle Eastern"
            >
              Middle Eastern
            </option>
            <option
              value="Korean"
            >
              Korean
            </option>
          </select>
        </label>
      </div>
      <div>
        <label
          for="dietaryRequirements"
        >
          Dietary Requirements:
          <select
            id="dietaryRequirements"
            name="dietaryRequirements"
            required=""
          >
            <option
              disabled=""
              value=""
            >
              --Select a dietary requirement--
            </option>
            <option
              value="None"
            >
              None
            </option>
            <option
              value="Vegetarian"
            >
              Vegetarian
            </option>
            <option
              value="Vegan"
            >
              Vegan
            </option>
            <option
              value="Gluten-Free"
            >
              Gluten-Free
            </option>
            <option
              value="Dairy-Free"
            >
              Dairy-Free
            </option>
            <option
              value="Pescatarian"
            >
              Pescatarian
            </option>
          </select>
        </label>
      </div>
      <div>
        <label
          for="ingredients"
        >
          Ingredients:
          <div
            class="ingredient-field"
          >
            <input
              id="ingredientName-0"
              required=""
              type="text"
              value=""
            />
            <div
              class="measurement-metric-container"
            >
              <input
                class="measurement-input"
                id="measurement-0"
                placeholder="#"
                required=""
                type="number"
                value=""
              />
              <select
                class="metric-dropdown"
                id="metric-0"
                required=""
              >
                <option
                  disabled=""
                  value=""
                >
                  --Select a metric--
                </option>
                <option
                  value="g"
                >
                  g
                </option>
                <option
                  value="kg"
                >
                  kg
                </option>
                <option
                  value="ml"
                >
                  ml
                </option>
                <option
                  value="l"
                >
                  l
                </option>
                <option
                  value="tbsp"
                >
                  tbsp
                </option>
                <option
                  value="tsp"
                >
                  tsp
                </option>
              </select>
            </div>
            <div />
          </div>
          <button
            class="form-button"
            type="button"
          >
            Add Ingredient
          </button>
        </label>
      </div>
      <div>
        <label
          for="instructions"
        >
          Instructions:
          <textarea
            id="instructions"
            name="instructions"
            required=""
          />
        </label>
      </div>
      <div>
        <label
          for="prepTime"
        >
          Prep Time (minutes):
          <input
            id="prepTime"
            max="9999"
            name="prepTime"
            required=""
            type="number"
            value=""
          />
        </label>
      </div>
      <div>
        <label
          for="cookingTime"
        >
          Cooking Time (minutes):
          <input
            id="cookingTime"
            max="9999"
            name="cookingTime"
            required=""
            type="number"
            value=""
          />
        </label>
      </div>
      <div>
        <label
          for="servings"
        >
          Servings:
          <input
            id="servings"
            max="9999"
            name="servings"
            required=""
            type="number"
            value=""
          />
        </label>
      </div>
      <div>
        <button
          class="form-button"
          type="submit"
        >
          Add
        </button>
      </div>
    </form>
  </div>
</DocumentFragment>
`;
