// Jest Snapshot v1, https://goo.gl/fbAQLP

exports[`Login renders correctly 1`] = `
<DocumentFragment>
  <div
    class="login-container"
  >
    <div
      class="login-title"
    >
      Login
    </div>
    <form>
      <div
        class="form-group"
      >
        <input
          placeholder="Email"
          type="email"
          value=""
        />
      </div>
      <div
        class="form-group"
      >
        <input
          placeholder="Password"
          type="password"
          value=""
        />
      </div>
      <button
        type="submit"
      >
        Login
      </button>
    </form>
    <p
      class="signup-msg"
    >
      Don't have an account? 
      <a
        href="/sign-up"
      >
        Sign Up
      </a>
    </p>
  </div>
</DocumentFragment>
`;
