// Jest Snapshot v1, https://goo.gl/fbAQLP

exports[`RecipeCard renders correctly 1`] = `
<DocumentFragment>
  <div>
    RecipeCard
  </div>
</DocumentFragment>
`;
